app/(authenticated)/[workspaceSlug]/projects/[projectId]/backlog/page.tsx(38,7): error TS2322: Type 'Sprint[]' is not assignable to type '{ id: string; name: string; status: string; goal?: string | undefined; startDate?: string | undefined; endDate?: string | undefined; }[]'.
  Type 'Sprint' is not assignable to type '{ id: string; name: string; status: string; goal?: string | undefined; startDate?: string | undefined; endDate?: string | undefined; }'.
    Types of property 'goal' are incompatible.
      Type 'string | null | undefined' is not assignable to type 'string | undefined'.
        Type 'null' is not assignable to type 'string | undefined'.
app/(authenticated)/[workspaceSlug]/projects/[projectId]/backlog/page.tsx(40,7): error TS2322: Type 'ProjectMember[]' is not assignable to type 'Record<string, unknown>[]'.
  Type 'ProjectMember' is not assignable to type 'Record<string, unknown>'.
    Index signature for type 'string' is missing in type 'ProjectMember'.
app/(authenticated)/[workspaceSlug]/projects/[projectId]/board/page.tsx(132,9): error TS2322: Type 'Sprint[]' is not assignable to type 'Record<string, unknown>[]'.
  Type 'Sprint' is not assignable to type 'Record<string, unknown>'.
    Index signature for type 'string' is missing in type 'Sprint'.
app/(authenticated)/[workspaceSlug]/projects/[projectId]/board/page.tsx(134,9): error TS2322: Type 'ProjectMember[]' is not assignable to type 'Record<string, unknown>[]'.
  Type 'ProjectMember' is not assignable to type 'Record<string, unknown>'.
    Index signature for type 'string' is missing in type 'ProjectMember'.
app/(authenticated)/[workspaceSlug]/projects/[projectId]/page.tsx(35,11): error TS2322: Type 'import("/home/codeclouds-tanmoy/Personal/Veylo/veylo-client/types/models").ProjectMember[]' is not assignable to type 'ProjectMember[]'.
  Type 'import("/home/codeclouds-tanmoy/Personal/Veylo/veylo-client/types/models").ProjectMember' is not assignable to type 'ProjectMember'.
    Types of property 'user' are incompatible.
      Type 'User | undefined' is not assignable to type '{ id: string; name: string; email: string; image: string | null; }'.
        Type 'undefined' is not assignable to type '{ id: string; name: string; email: string; image: string | null; }'.
app/(authenticated)/[workspaceSlug]/tasks/[taskId]/page.tsx(578,23): error TS2322: Type 'NoInfer<AuthResponse> | undefined' is not assignable to type '{ user?: User | null | undefined; } | null | undefined'.
  Type 'AuthResponse' is not assignable to type '{ user?: User | null | undefined; }'.
    Types of property 'user' are incompatible.
      Type 'User | null' is not assignable to type 'User | null | undefined'.
        Type 'User' is missing the following properties from type 'User': isActive, failedLoginAttempts
components/layout/settings/security-tab.tsx(331,28): error TS2345: Argument of type '{ id: string; token: string; userId: string; ipAddress: string; userAgent: string; deviceName: string; browser: string; os: string; createdAt: string; updatedAt: string; }' is not assignable to parameter of type 'Session'.
  Property 'expiresAt' is missing in type '{ id: string; token: string; userId: string; ipAddress: string; userAgent: string; deviceName: string; browser: string; os: string; createdAt: string; updatedAt: string; }' but required in type 'Session'.
components/ui/action-bar.tsx(487,6): error TS7006: Parameter 'event' implicitly has an 'any' type.
components/ui/action-bar.tsx(513,6): error TS7006: Parameter 'event' implicitly has an 'any' type.
components/ui/action-bar.tsx(524,6): error TS7006: Parameter 'event' implicitly has an 'any' type.
components/ui/action-bar.tsx(577,6): error TS7006: Parameter 'event' implicitly has an 'any' type.
components/ui/fluid-tabs.tsx(5,37): error TS2307: Cannot find module 'react-icons/bi' or its corresponding type declarations.
components/ui/fluid-tabs.tsx(6,37): error TS2307: Cannot find module 'react-icons/fa' or its corresponding type declarations.
features/tasks/components/create-task-dialog.tsx(213,52): error TS2304: Cannot find name 'LooseRecord'.
features/tasks/components/create-task-dialog.tsx(270,60): error TS2304: Cannot find name 'LooseAny'.
features/tasks/components/create-task-dialog.tsx(271,28): error TS2304: Cannot find name 'LooseRecord'.
features/tasks/components/task-details-drawer.tsx(1,56): error TS2300: Duplicate identifier 'TaskDependency'.
features/tasks/components/task-details-drawer.tsx(78,3): error TS2300: Duplicate identifier 'TaskDependency'.
features/tasks/components/task-details-drawer.tsx(857,27): error TS2322: Type 'NoInfer<AuthResponse> | undefined' is not assignable to type '{ id?: string | undefined; user?: User | undefined; } | null'.
  Type 'undefined' is not assignable to type '{ id?: string | undefined; user?: User | undefined; } | null'.
features/tasks/components/task-details-drawer.tsx(1956,48): error TS2339: Property 'isPending' does not exist on type '{ mutate: (args: { commentId: string; emoji: string; }) => void; }'.
features/tasks/components/task-details-drawer.tsx(1957,48): error TS2339: Property 'variables' does not exist on type '{ mutate: (args: { commentId: string; emoji: string; }) => void; }'.
