app/(authenticated)/[workspaceSlug]/projects/[projectId]/backlog/page.tsx(38,7): error TS2322: Type 'Sprint[]' is not assignable to type '{ id: string; name: string; status: string; goal?: string | undefined; startDate?: string | undefined; endDate?: string | undefined; }[]'.
  Type 'Sprint' is not assignable to type '{ id: string; name: string; status: string; goal?: string | undefined; startDate?: string | undefined; endDate?: string | undefined; }'.
    Types of property 'goal' are incompatible.
      Type 'string | null | undefined' is not assignable to type 'string | undefined'.
        Type 'null' is not assignable to type 'string | undefined'.
app/(authenticated)/[workspaceSlug]/projects/[projectId]/backlog/page.tsx(40,7): error TS2322: Type 'ProjectMember[]' is not assignable to type 'Record<string, unknown>[]'.
  Type 'ProjectMember' is not assignable to type 'Record<string, unknown>'.
    Index signature for type 'string' is missing in type 'ProjectMember'.
app/(authenticated)/[workspaceSlug]/projects/[projectId]/board/page.tsx(132,9): error TS2322: Type 'Sprint[]' is not assignable to type 'Record<string, unknown>[]'.
  Type 'Sprint' is not assignable to type 'Record<string, unknown>'.
    Index signature for type 'string' is missing in type 'Sprint'.
app/(authenticated)/[workspaceSlug]/projects/[projectId]/board/page.tsx(134,9): error TS2322: Type 'ProjectMember[]' is not assignable to type 'Record<string, unknown>[]'.
  Type 'ProjectMember' is not assignable to type 'Record<string, unknown>'.
    Index signature for type 'string' is missing in type 'ProjectMember'.
app/(authenticated)/[workspaceSlug]/projects/[projectId]/epics/page.tsx(70,27): error TS2339: Property 'name' does not exist on type '{}'.
app/(authenticated)/[workspaceSlug]/projects/[projectId]/epics/page.tsx(70,48): error TS2339: Property 'title' does not exist on type '{}'.
app/(authenticated)/[workspaceSlug]/projects/[projectId]/epics/page.tsx(71,33): error TS2339: Property 'description' does not exist on type '{}'.
app/(authenticated)/[workspaceSlug]/projects/[projectId]/epics/page.tsx(72,27): error TS2339: Property 'color' does not exist on type '{}'.
app/(authenticated)/[workspaceSlug]/projects/[projectId]/epics/page.tsx(73,31): error TS2339: Property 'startDate' does not exist on type '{}'.
app/(authenticated)/[workspaceSlug]/projects/[projectId]/epics/page.tsx(73,64): error TS2339: Property 'startDate' does not exist on type '{}'.
app/(authenticated)/[workspaceSlug]/projects/[projectId]/epics/page.tsx(74,29): error TS2339: Property 'endDate' does not exist on type '{}'.
app/(authenticated)/[workspaceSlug]/projects/[projectId]/epics/page.tsx(74,60): error TS2339: Property 'endDate' does not exist on type '{}'.
app/(authenticated)/[workspaceSlug]/projects/[projectId]/epics/page.tsx(104,29): error TS2339: Property 'id' does not exist on type '{}'.
app/(authenticated)/[workspaceSlug]/projects/[projectId]/epics/page.tsx(188,49): error TS2304: Cannot find name 'Task'.
app/(authenticated)/[workspaceSlug]/projects/[projectId]/epics/page.tsx(188,71): error TS18046: 'epic' is of type 'unknown'.
app/(authenticated)/[workspaceSlug]/projects/[projectId]/epics/page.tsx(188,97): error TS18046: 'epic' is of type 'unknown'.
app/(authenticated)/[workspaceSlug]/projects/[projectId]/epics/page.tsx(190,57): error TS2304: Cannot find name 'Task'.
app/(authenticated)/[workspaceSlug]/projects/[projectId]/epics/page.tsx(191,49): error TS2304: Cannot find name 'TaskStatus'.
app/(authenticated)/[workspaceSlug]/projects/[projectId]/epics/page.tsx(200,31): error TS18046: 'epic' is of type 'unknown'.
app/(authenticated)/[workspaceSlug]/projects/[projectId]/epics/page.tsx(203,26): error TS18046: 'epic' is of type 'unknown'.
app/(authenticated)/[workspaceSlug]/projects/[projectId]/epics/page.tsx(216,28): error TS18046: 'epic' is of type 'unknown'.
app/(authenticated)/[workspaceSlug]/projects/[projectId]/epics/page.tsx(216,41): error TS18046: 'epic' is of type 'unknown'.
app/(authenticated)/[workspaceSlug]/projects/[projectId]/epics/page.tsx(220,30): error TS18046: 'epic' is of type 'unknown'.
app/(authenticated)/[workspaceSlug]/projects/[projectId]/epics/page.tsx(237,53): error TS18046: 'epic' is of type 'unknown'.
app/(authenticated)/[workspaceSlug]/projects/[projectId]/epics/page.tsx(237,62): error TS18046: 'epic' is of type 'unknown'.
app/(authenticated)/[workspaceSlug]/projects/[projectId]/epics/page.tsx(237,75): error TS18046: 'epic' is of type 'unknown'.
app/(authenticated)/[workspaceSlug]/projects/[projectId]/epics/page.tsx(247,22): error TS18046: 'epic' is of type 'unknown'.
app/(authenticated)/[workspaceSlug]/projects/[projectId]/epics/page.tsx(255,26): error TS18046: 'epic' is of type 'unknown'.
app/(authenticated)/[workspaceSlug]/projects/[projectId]/epics/page.tsx(255,52): error TS18046: 'epic' is of type 'unknown'.
app/(authenticated)/[workspaceSlug]/projects/[projectId]/epics/page.tsx(257,26): error TS18046: 'epic' is of type 'unknown'.
app/(authenticated)/[workspaceSlug]/projects/[projectId]/epics/page.tsx(257,50): error TS18046: 'epic' is of type 'unknown'.
app/(authenticated)/[workspaceSlug]/projects/[projectId]/layout.tsx(2,10): error TS2300: Duplicate identifier 'Project'.
app/(authenticated)/[workspaceSlug]/projects/[projectId]/layout.tsx(2,19): error TS2300: Duplicate identifier 'ProjectMember'.
app/(authenticated)/[workspaceSlug]/projects/[projectId]/layout.tsx(2,34): error TS2300: Duplicate identifier 'TaskStatus'.
app/(authenticated)/[workspaceSlug]/projects/[projectId]/layout.tsx(2,46): error TS2300: Duplicate identifier 'Sprint'.
app/(authenticated)/[workspaceSlug]/projects/[projectId]/layout.tsx(2,54): error TS2300: Duplicate identifier 'Epic'.
app/(authenticated)/[workspaceSlug]/projects/[projectId]/layout.tsx(2,60): error TS2300: Duplicate identifier 'Milestone'.
app/(authenticated)/[workspaceSlug]/projects/[projectId]/layout.tsx(2,71): error TS2300: Duplicate identifier 'Label'.
app/(authenticated)/[workspaceSlug]/projects/[projectId]/layout.tsx(2,78): error TS2300: Duplicate identifier 'CustomFieldDefinition'.
app/(authenticated)/[workspaceSlug]/projects/[projectId]/layout.tsx(48,3): error TS2300: Duplicate identifier 'Project'.
app/(authenticated)/[workspaceSlug]/projects/[projectId]/layout.tsx(49,3): error TS2300: Duplicate identifier 'TaskStatus'.
app/(authenticated)/[workspaceSlug]/projects/[projectId]/layout.tsx(50,3): error TS2300: Duplicate identifier 'Sprint'.
app/(authenticated)/[workspaceSlug]/projects/[projectId]/layout.tsx(51,3): error TS2300: Duplicate identifier 'CustomFieldDefinition'.
app/(authenticated)/[workspaceSlug]/projects/[projectId]/layout.tsx(52,3): error TS2300: Duplicate identifier 'Epic'.
app/(authenticated)/[workspaceSlug]/projects/[projectId]/layout.tsx(53,3): error TS2300: Duplicate identifier 'Label'.
app/(authenticated)/[workspaceSlug]/projects/[projectId]/layout.tsx(54,3): error TS2300: Duplicate identifier 'Milestone'.
app/(authenticated)/[workspaceSlug]/projects/[projectId]/layout.tsx(56,3): error TS2300: Duplicate identifier 'ProjectMember'.
app/(authenticated)/[workspaceSlug]/projects/[projectId]/layout.tsx(424,9): error TS2322: Type 'NoInfer<Project & { members?: ProjectMember[] | undefined; }> | undefined' is not assignable to type '(Project & { members?: ProjectMember[] | undefined; }) | null'.
  Type 'undefined' is not assignable to type '(Project & { members?: ProjectMember[] | undefined; }) | null'.
app/(authenticated)/[workspaceSlug]/projects/[projectId]/layout.tsx(629,61): error TS2339: Property 'welcome' does not exist on type '{}'.
app/(authenticated)/[workspaceSlug]/projects/[projectId]/layout.tsx(633,61): error TS2339: Property 'firstStep' does not exist on type '{}'.
app/(authenticated)/[workspaceSlug]/projects/[projectId]/layout.tsx(737,11): error TS2322: Type 'ProjectMember[]' is not assignable to type '{ user: { id: string; name: string; image?: string | null | undefined; }; }[]'.
  Type 'ProjectMember' is not assignable to type '{ user: { id: string; name: string; image?: string | null | undefined; }; }'.
    Types of property 'user' are incompatible.
      Type 'User | undefined' is not assignable to type '{ id: string; name: string; image?: string | null | undefined; }'.
        Type 'undefined' is not assignable to type '{ id: string; name: string; image?: string | null | undefined; }'.
app/(authenticated)/[workspaceSlug]/projects/[projectId]/page.tsx(35,11): error TS2322: Type 'import("/home/codeclouds-tanmoy/Personal/Veylo/veylo-client/types/models").ProjectMember[]' is not assignable to type 'ProjectMember[]'.
  Type 'import("/home/codeclouds-tanmoy/Personal/Veylo/veylo-client/types/models").ProjectMember' is not assignable to type 'ProjectMember'.
    Types of property 'user' are incompatible.
      Type 'User | undefined' is not assignable to type '{ id: string; name: string; email: string; image: string | null; }'.
        Type 'undefined' is not assignable to type '{ id: string; name: string; email: string; image: string | null; }'.
app/(authenticated)/[workspaceSlug]/projects/[projectId]/page.tsx(54,11): error TS2322: Type 'import("/home/codeclouds-tanmoy/Personal/Veylo/veylo-client/types/models").ProjectMember[]' is not assignable to type 'ProjectMember[]'.
  Type 'import("/home/codeclouds-tanmoy/Personal/Veylo/veylo-client/types/models").ProjectMember' is not assignable to type 'ProjectMember'.
    Types of property 'user' are incompatible.
      Type 'User | undefined' is not assignable to type '{ id: string; name: string; email: string; image: string | null; }'.
        Type 'undefined' is not assignable to type '{ id: string; name: string; email: string; image: string | null; }'.
app/(authenticated)/[workspaceSlug]/projects/[projectId]/reports/page.tsx(25,7): error TS2322: Type 'ProjectMember[]' is not assignable to type '{ user: { id: string; name: string; }; }[]'.
  Type 'ProjectMember' is not assignable to type '{ user: { id: string; name: string; }; }'.
    Types of property 'user' are incompatible.
      Type 'User | undefined' is not assignable to type '{ id: string; name: string; }'.
        Type 'undefined' is not assignable to type '{ id: string; name: string; }'.
app/(authenticated)/[workspaceSlug]/projects/[projectId]/settings/fields/page.tsx(131,28): error TS18046: 'field' is of type 'unknown'.
app/(authenticated)/[workspaceSlug]/projects/[projectId]/settings/fields/page.tsx(135,55): error TS18046: 'field' is of type 'unknown'.
app/(authenticated)/[workspaceSlug]/projects/[projectId]/settings/fields/page.tsx(136,74): error TS18046: 'field' is of type 'unknown'.
app/(authenticated)/[workspaceSlug]/projects/[projectId]/settings/fields/page.tsx(137,26): error TS18046: 'field' is of type 'unknown'.
app/(authenticated)/[workspaceSlug]/projects/[projectId]/settings/fields/page.tsx(137,43): error TS18046: 'field' is of type 'unknown'.
app/(authenticated)/[workspaceSlug]/projects/[projectId]/settings/fields/page.tsx(139,39): error TS18046: 'field' is of type 'unknown'.
app/(authenticated)/[workspaceSlug]/projects/[projectId]/settings/fields/page.tsx(147,60): error TS18046: 'field' is of type 'unknown'.
app/(authenticated)/[workspaceSlug]/projects/[projectId]/settings/members/page.tsx(2,19): error TS2440: Import declaration conflicts with local declaration of 'ProjectMember'.
app/(authenticated)/[workspaceSlug]/projects/[projectId]/settings/members/page.tsx(68,37): error TS2345: Argument of type '(m: ProjectMember) => string' is not assignable to parameter of type '(value: ProjectMember, index: number, array: ProjectMember[]) => string'.
  Types of parameters 'm' and 'value' are incompatible.
    Type 'import("/home/codeclouds-tanmoy/Personal/Veylo/veylo-client/types/models").ProjectMember' is not assignable to type 'ProjectMember'.
      Types of property 'user' are incompatible.
        Type 'User | undefined' is not assignable to type '{ id: string; name: string; email: string; image: string | null; }'.
          Type 'undefined' is not assignable to type '{ id: string; name: string; email: string; image: string | null; }'.
app/(authenticated)/[workspaceSlug]/projects/[projectId]/settings/members/page.tsx(161,48): error TS2345: Argument of type '(member: ProjectMember) => React.JSX.Element' is not assignable to parameter of type '(value: ProjectMember, index: number, array: ProjectMember[]) => Element'.
  Types of parameters 'member' and 'value' are incompatible.
    Type 'import("/home/codeclouds-tanmoy/Personal/Veylo/veylo-client/types/models").ProjectMember' is not assignable to type 'ProjectMember'.
      Types of property 'user' are incompatible.
        Type 'User | undefined' is not assignable to type '{ id: string; name: string; email: string; image: string | null; }'.
          Type 'undefined' is not assignable to type '{ id: string; name: string; email: string; image: string | null; }'.
app/(authenticated)/[workspaceSlug]/tasks/[taskId]/page.tsx(2,10): error TS2300: Duplicate identifier 'ProjectMember'.
app/(authenticated)/[workspaceSlug]/tasks/[taskId]/page.tsx(2,25): error TS2300: Duplicate identifier 'TaskStatus'.
app/(authenticated)/[workspaceSlug]/tasks/[taskId]/page.tsx(2,37): error TS2300: Duplicate identifier 'Sprint'.
app/(authenticated)/[workspaceSlug]/tasks/[taskId]/page.tsx(2,45): error TS2300: Duplicate identifier 'Epic'.
app/(authenticated)/[workspaceSlug]/tasks/[taskId]/page.tsx(2,51): error TS2300: Duplicate identifier 'Milestone'.
app/(authenticated)/[workspaceSlug]/tasks/[taskId]/page.tsx(2,62): error TS2300: Duplicate identifier 'Label'.
app/(authenticated)/[workspaceSlug]/tasks/[taskId]/page.tsx(2,69): error TS2300: Duplicate identifier 'TaskLabel'.
app/(authenticated)/[workspaceSlug]/tasks/[taskId]/page.tsx(2,80): error TS2300: Duplicate identifier 'CustomFieldDefinition'.
app/(authenticated)/[workspaceSlug]/tasks/[taskId]/page.tsx(2,103): error TS2300: Duplicate identifier 'User'.
app/(authenticated)/[workspaceSlug]/tasks/[taskId]/page.tsx(2,109): error TS2300: Duplicate identifier 'Comment'.
app/(authenticated)/[workspaceSlug]/tasks/[taskId]/page.tsx(2,118): error TS2300: Duplicate identifier 'CommentReaction'.
app/(authenticated)/[workspaceSlug]/tasks/[taskId]/page.tsx(2,135): error TS2300: Duplicate identifier 'TaskActivity'.
app/(authenticated)/[workspaceSlug]/tasks/[taskId]/page.tsx(82,19): error TS2300: Duplicate identifier 'ProjectMember'.
app/(authenticated)/[workspaceSlug]/tasks/[taskId]/page.tsx(82,34): error TS2300: Duplicate identifier 'TaskStatus'.
app/(authenticated)/[workspaceSlug]/tasks/[taskId]/page.tsx(82,55): error TS2300: Duplicate identifier 'Comment'.
app/(authenticated)/[workspaceSlug]/tasks/[taskId]/page.tsx(82,64): error TS2300: Duplicate identifier 'CommentReaction'.
app/(authenticated)/[workspaceSlug]/tasks/[taskId]/page.tsx(82,81): error TS2300: Duplicate identifier 'TaskActivity'.
app/(authenticated)/[workspaceSlug]/tasks/[taskId]/page.tsx(82,95): error TS2300: Duplicate identifier 'Sprint'.
app/(authenticated)/[workspaceSlug]/tasks/[taskId]/page.tsx(82,103): error TS2300: Duplicate identifier 'Epic'.
app/(authenticated)/[workspaceSlug]/tasks/[taskId]/page.tsx(82,109): error TS2300: Duplicate identifier 'Milestone'.
app/(authenticated)/[workspaceSlug]/tasks/[taskId]/page.tsx(82,120): error TS2300: Duplicate identifier 'Label'.
app/(authenticated)/[workspaceSlug]/tasks/[taskId]/page.tsx(82,127): error TS2300: Duplicate identifier 'TaskLabel'.
app/(authenticated)/[workspaceSlug]/tasks/[taskId]/page.tsx(82,138): error TS2300: Duplicate identifier 'CustomFieldDefinition'.
app/(authenticated)/[workspaceSlug]/tasks/[taskId]/page.tsx(82,161): error TS2300: Duplicate identifier 'User'.
app/(authenticated)/[workspaceSlug]/tasks/[taskId]/page.tsx(128,43): error TS2339: Property 'members' does not exist on type 'NoInfer<Project>'.
app/(authenticated)/[workspaceSlug]/tasks/[taskId]/page.tsx(581,23): error TS2322: Type 'NoInfer<AuthResponse> | undefined' is not assignable to type 'Record<string, unknown> | { user?: User | undefined; }'.
  Type 'undefined' is not assignable to type 'Record<string, unknown> | { user?: User | undefined; }'.
app/(authenticated)/[workspaceSlug]/tasks/[taskId]/page.tsx(1588,50): error TS2339: Property 'id' does not exist on type 'Record<string, unknown> | { user?: User | undefined; }'.
  Property 'id' does not exist on type '{ user?: User | undefined; }'.
app/(authenticated)/[workspaceSlug]/tasks/[taskId]/page.tsx(1588,75): error TS2339: Property 'id' does not exist on type '{}'.
app/(authenticated)/[workspaceSlug]/tasks/[taskId]/page.tsx(1619,71): error TS2339: Property 'id' does not exist on type 'Record<string, unknown> | { user?: User | undefined; }'.
  Property 'id' does not exist on type '{ user?: User | undefined; }'.
app/(authenticated)/[workspaceSlug]/tasks/[taskId]/page.tsx(1619,96): error TS2339: Property 'id' does not exist on type '{}'.
components/layout/notification-center.tsx(143,41): error TS2551: Property 'sender' does not exist on type 'Notification'. Did you mean 'senderId'?
components/layout/notification-center.tsx(145,26): error TS2551: Property 'sender' does not exist on type 'Notification'. Did you mean 'senderId'?
components/layout/settings/security-tab.tsx(2,10): error TS2300: Duplicate identifier 'Session'.
components/layout/settings/security-tab.tsx(39,15): error TS2300: Duplicate identifier 'Session'.
components/layout/settings/security-tab.tsx(102,29): error TS2345: Argument of type 'Prettify<{ id: string; createdAt: Date; updatedAt: Date; userId: string; expiresAt: Date; token: string; ipAddress?: string | null | undefined; userAgent?: string | null | undefined; }>[]' is not assignable to parameter of type 'SetStateAction<Session[]>'.
  Type 'Prettify<{ id: string; createdAt: Date; updatedAt: Date; userId: string; expiresAt: Date; token: string; ipAddress?: string | null | undefined; userAgent?: string | null | undefined; }>[]' is not assignable to type 'Session[]'.
    Type 'Prettify<{ id: string; createdAt: Date; updatedAt: Date; userId: string; expiresAt: Date; token: string; ipAddress?: string | null | undefined; userAgent?: string | null | undefined; }>' is not assignable to type 'Session'.
      Types of property 'expiresAt' are incompatible.
        Type 'Date' is not assignable to type 'string'.
components/layout/settings/security-tab.tsx(331,7): error TS2322: Type 'string | number' is not assignable to type 'string'.
  Type 'number' is not assignable to type 'string'.
components/shared/rich-text-editor.tsx(468,11): error TS2322: Type '() => { onStart: (props: { editor: Editor; clientRect?: (() => DOMRect) | undefined; }) => void; onUpdate(props: { editor: Editor; clientRect?: (() => DOMRect) | undefined; }): void; onKeyDown(props: { ...; }): any; onExit(): void; }' is not assignable to type '() => { onBeforeStart?: ((props: SuggestionProps<any, MentionNodeAttrs>) => void) | undefined; onStart?: ((props: SuggestionProps<any, MentionNodeAttrs>) => void) | undefined; onBeforeUpdate?: ((props: SuggestionProps<...>) => void) | undefined; onUpdate?: ((props: SuggestionProps<...>) => void) | undefined; onExit?...'.
  Call signature return types '{ onStart: (props: { editor: Editor; clientRect?: (() => DOMRect) | undefined; }) => void; onUpdate(props: { editor: Editor; clientRect?: (() => DOMRect) | undefined; }): void; onKeyDown(props: { ...; }): any; onExit(): void; }' and '{ onBeforeStart?: ((props: SuggestionProps<any, MentionNodeAttrs>) => void) | undefined; onStart?: ((props: SuggestionProps<any, MentionNodeAttrs>) => void) | undefined; onBeforeUpdate?: ((props: SuggestionProps<...>) => void) | undefined; onUpdate?: ((props: SuggestionProps<...>) => void) | undefined; onExit?: ((pr...' are incompatible.
    The types of 'onStart' are incompatible between these types.
      Type '(props: { editor: Editor; clientRect?: () => DOMRect; }) => void' is not assignable to type '(props: SuggestionProps<any, MentionNodeAttrs>) => void'.
        Types of parameters 'props' and 'props' are incompatible.
          Type 'SuggestionProps<any, MentionNodeAttrs>' is not assignable to type '{ editor: Editor; clientRect?: (() => DOMRect) | undefined; }'.
            Types of property 'clientRect' are incompatible.
              Type '(() => DOMRect | null) | null | undefined' is not assignable to type '(() => DOMRect) | undefined'.
                Type 'null' is not assignable to type '(() => DOMRect) | undefined'.
components/shared/rich-text-editor.tsx(508,40): error TS2339: Property 'onKeyDown' does not exist on type '{}'.
components/shared/rich-text-editor.tsx(528,17): error TS2322: Type '(ed: Editor, range: Range) => void' is not assignable to type '(editor: unknown, range: unknown) => void'.
  Types of parameters 'ed' and 'editor' are incompatible.
    Type 'unknown' is not assignable to type 'Editor'.
components/shared/rich-text-editor.tsx(536,17): error TS2322: Type '(ed: Editor, range: Range) => void' is not assignable to type '(editor: unknown, range: unknown) => void'.
  Types of parameters 'ed' and 'editor' are incompatible.
    Type 'unknown' is not assignable to type 'Editor'.
components/shared/rich-text-editor.tsx(544,17): error TS2322: Type '(ed: Editor, range: Range) => void' is not assignable to type '(editor: unknown, range: unknown) => void'.
  Types of parameters 'ed' and 'editor' are incompatible.
    Type 'unknown' is not assignable to type 'Editor'.
components/shared/rich-text-editor.tsx(552,17): error TS2322: Type '(ed: Editor, range: Range) => void' is not assignable to type '(editor: unknown, range: unknown) => void'.
  Types of parameters 'ed' and 'editor' are incompatible.
    Type 'unknown' is not assignable to type 'Editor'.
components/shared/rich-text-editor.tsx(560,17): error TS2322: Type '(ed: Editor, range: Range) => void' is not assignable to type '(editor: unknown, range: unknown) => void'.
  Types of parameters 'ed' and 'editor' are incompatible.
    Type 'unknown' is not assignable to type 'Editor'.
components/shared/rich-text-editor.tsx(568,17): error TS2322: Type '(ed: Editor, range: Range) => void' is not assignable to type '(editor: unknown, range: unknown) => void'.
  Types of parameters 'ed' and 'editor' are incompatible.
    Type 'unknown' is not assignable to type 'Editor'.
components/shared/rich-text-editor.tsx(576,17): error TS2322: Type '(ed: Editor, range: Range) => void' is not assignable to type '(editor: unknown, range: unknown) => void'.
  Types of parameters 'ed' and 'editor' are incompatible.
    Type 'unknown' is not assignable to type 'Editor'.
components/shared/rich-text-editor.tsx(626,40): error TS2339: Property 'onKeyDown' does not exist on type '{}'.
components/shared/rich-text-editor.tsx(720,8): error TS2352: Conversion of type 'Storage' to type '{ mention: { projectMembers: any[]; }; }' may be a mistake because neither type sufficiently overlaps with the other. If this was intentional, convert the expression to 'unknown' first.
  Property 'mention' is missing in type 'Storage' but required in type '{ mention: { projectMembers: any[]; }; }'.
components/ui/action-bar.tsx(488,21): error TS2345: Argument of type 'MouseEvent<HTMLButtonElement, MouseEvent>' is not assignable to parameter of type 'BaseUIEvent<MouseEvent<HTMLButtonElement, MouseEvent>>'.
  Property 'preventBaseUIHandler' is missing in type 'MouseEvent<HTMLButtonElement, MouseEvent>' but required in type '{ preventBaseUIHandler: () => void; readonly baseUIHandlerPrevented?: boolean | undefined; }'.
components/ui/action-bar.tsx(514,21): error TS2345: Argument of type 'FocusEvent<HTMLButtonElement, Element>' is not assignable to parameter of type 'BaseUIEvent<FocusEvent<HTMLButtonElement, Element>>'.
  Property 'preventBaseUIHandler' is missing in type 'FocusEvent<HTMLButtonElement, Element>' but required in type '{ preventBaseUIHandler: () => void; readonly baseUIHandlerPrevented?: boolean | undefined; }'.
components/ui/action-bar.tsx(525,23): error TS2345: Argument of type 'KeyboardEvent<HTMLButtonElement>' is not assignable to parameter of type 'BaseUIEvent<KeyboardEvent<HTMLButtonElement>>'.
  Property 'preventBaseUIHandler' is missing in type 'KeyboardEvent<HTMLButtonElement>' but required in type '{ preventBaseUIHandler: () => void; readonly baseUIHandlerPrevented?: boolean | undefined; }'.
components/ui/action-bar.tsx(578,25): error TS2345: Argument of type 'MouseEvent<HTMLButtonElement, MouseEvent>' is not assignable to parameter of type 'BaseUIEvent<MouseEvent<HTMLButtonElement, MouseEvent>>'.
  Property 'preventBaseUIHandler' is missing in type 'MouseEvent<HTMLButtonElement, MouseEvent>' but required in type '{ preventBaseUIHandler: () => void; readonly baseUIHandlerPrevented?: boolean | undefined; }'.
components/ui/fluid-tabs.tsx(5,37): error TS2307: Cannot find module 'react-icons/bi' or its corresponding type declarations.
components/ui/fluid-tabs.tsx(6,37): error TS2307: Cannot find module 'react-icons/fa' or its corresponding type declarations.
features/tasks/components/create-task-dialog.tsx(213,52): error TS2304: Cannot find name 'LooseRecord'.
features/tasks/components/create-task-dialog.tsx(270,60): error TS2304: Cannot find name 'LooseAny'.
features/tasks/components/create-task-dialog.tsx(271,28): error TS2304: Cannot find name 'LooseRecord'.
features/tasks/components/task-details-drawer.tsx(2,10): error TS2300: Duplicate identifier 'Project'.
features/tasks/components/task-details-drawer.tsx(2,19): error TS2300: Duplicate identifier 'ProjectMember'.
features/tasks/components/task-details-drawer.tsx(2,34): error TS2300: Duplicate identifier 'TaskStatus'.
features/tasks/components/task-details-drawer.tsx(2,46): error TS2300: Duplicate identifier 'Sprint'.
features/tasks/components/task-details-drawer.tsx(2,54): error TS2300: Duplicate identifier 'Epic'.
features/tasks/components/task-details-drawer.tsx(2,60): error TS2300: Duplicate identifier 'Milestone'.
features/tasks/components/task-details-drawer.tsx(2,71): error TS2300: Duplicate identifier 'Label'.
features/tasks/components/task-details-drawer.tsx(2,78): error TS2300: Duplicate identifier 'TaskLabel'.
features/tasks/components/task-details-drawer.tsx(2,118): error TS2300: Duplicate identifier 'Comment'.
features/tasks/components/task-details-drawer.tsx(2,144): error TS2300: Duplicate identifier 'TaskActivity'.
features/tasks/components/task-details-drawer.tsx(69,3): error TS2300: Duplicate identifier 'Project'.
features/tasks/components/task-details-drawer.tsx(70,3): error TS2300: Duplicate identifier 'ProjectMember'.
features/tasks/components/task-details-drawer.tsx(71,3): error TS2300: Duplicate identifier 'TaskStatus'.
features/tasks/components/task-details-drawer.tsx(72,3): error TS2300: Duplicate identifier 'Sprint'.
features/tasks/components/task-details-drawer.tsx(73,3): error TS2300: Duplicate identifier 'Epic'.
features/tasks/components/task-details-drawer.tsx(74,3): error TS2300: Duplicate identifier 'Milestone'.
features/tasks/components/task-details-drawer.tsx(75,3): error TS2300: Duplicate identifier 'Label'.
features/tasks/components/task-details-drawer.tsx(76,3): error TS2300: Duplicate identifier 'TaskLabel'.
features/tasks/components/task-details-drawer.tsx(78,3): error TS2300: Duplicate identifier 'Comment'.
features/tasks/components/task-details-drawer.tsx(79,3): error TS2300: Duplicate identifier 'TaskActivity'.
features/tasks/components/task-details-drawer.tsx(180,31): error TS2345: Argument of type 'string | undefined' is not assignable to parameter of type 'SetStateAction<string>'.
  Type 'undefined' is not assignable to type 'SetStateAction<string>'.
features/tasks/components/task-details-drawer.tsx(193,27): error TS18048: 'selectedMember.user' is possibly 'undefined'.
features/tasks/components/task-details-drawer.tsx(206,32): error TS18048: 'selectedMember.user' is possibly 'undefined'.
features/tasks/components/task-details-drawer.tsx(249,68): error TS2339: Property 'task' does not exist on type 'TaskDependency'.
features/tasks/components/task-details-drawer.tsx(250,67): error TS2339: Property 'task' does not exist on type 'TaskDependency'.
features/tasks/components/task-details-drawer.tsx(357,16): error TS18048: 'selectedMember.user' is possibly 'undefined'.
features/tasks/components/task-details-drawer.tsx(357,47): error TS18048: 'selectedMember.user' is possibly 'undefined'.
features/tasks/components/task-details-drawer.tsx(764,48): error TS2551: Property 'project' does not exist on type 'Task'. Did you mean 'projectId'?
features/tasks/components/task-details-drawer.tsx(764,81): error TS2551: Property 'project' does not exist on type 'Task'. Did you mean 'projectId'?
features/tasks/components/task-details-drawer.tsx(797,48): error TS2551: Property 'project' does not exist on type 'Task'. Did you mean 'projectId'?
features/tasks/components/task-details-drawer.tsx(797,81): error TS2551: Property 'project' does not exist on type 'Task'. Did you mean 'projectId'?
